------------------------------------------------------------
Timing Analyzer Summary
------------------------------------------------------------

Type  : Slow 1100mV 85C Model Setup 'clk'
Slack : -2.738
TNS   : -340.834

Type  : Slow 1100mV 85C Model Hold 'clk'
Slack : 0.364
TNS   : 0.000

Type  : Slow 1100mV 85C Model Minimum Pulse Width 'clk'
Slack : -0.394
TNS   : -100.637

Type  : Slow 1100mV 0C Model Setup 'clk'
Slack : -2.674
TNS   : -334.318

Type  : Slow 1100mV 0C Model Hold 'clk'
Slack : 0.364
TNS   : 0.000

Type  : Slow 1100mV 0C Model Minimum Pulse Width 'clk'
Slack : -0.394
TNS   : -108.414

Type  : Fast 1100mV 85C Model Setup 'clk'
Slack : -1.102
TNS   : -111.860

Type  : Fast 1100mV 85C Model Hold 'clk'
Slack : 0.182
TNS   : 0.000

Type  : Fast 1100mV 85C Model Minimum Pulse Width 'clk'
Slack : -0.086
TNS   : -15.059

Type  : Fast 1100mV 0C Model Setup 'clk'
Slack : -0.917
TNS   : -91.735

Type  : Fast 1100mV 0C Model Hold 'clk'
Slack : 0.171
TNS   : 0.000

Type  : Fast 1100mV 0C Model Minimum Pulse Width 'clk'
Slack : -0.084
TNS   : -15.170

------------------------------------------------------------
